Archive member included to satisfy reference by file (symbol)

/Applications/STM32CubeIDE.app/Contents/Eclipse/plugins/com.st.stm32cube.ide.mcu.externaltools.gnu-tools-for-stm32.13.3.rel1.macos64_1.0.0.202411102158/tools/bin/../lib/gcc/arm-none-eabi/13.3.1/../../../../arm-none-eabi/lib/thumb/v7-m/nofp/libc_nano.a(libc_a-exit.o)
                              /Applications/STM32CubeIDE.app/Contents/Eclipse/plugins/com.st.stm32cube.ide.mcu.externaltools.gnu-tools-for-stm32.13.3.rel1.macos64_1.0.0.202411102158/tools/bin/../lib/gcc/arm-none-eabi/13.3.1/../../../../arm-none-eabi/lib/thumb/v7-m/nofp/crt0.o (exit)
/Applications/STM32CubeIDE.app/Contents/Eclipse/plugins/com.st.stm32cube.ide.mcu.externaltools.gnu-tools-for-stm32.13.3.rel1.macos64_1.0.0.202411102158/tools/bin/../lib/gcc/arm-none-eabi/13.3.1/../../../../arm-none-eabi/lib/thumb/v7-m/nofp/libc_nano.a(libc_a-findfp.o)
                              /Applications/STM32CubeIDE.app/Contents/Eclipse/plugins/com.st.stm32cube.ide.mcu.externaltools.gnu-tools-for-stm32.13.3.rel1.macos64_1.0.0.202411102158/tools/bin/../lib/gcc/arm-none-eabi/13.3.1/../../../../arm-none-eabi/lib/thumb/v7-m/nofp/libc_nano.a(libc_a-exit.o) (__stdio_exit_handler)
/Applications/STM32CubeIDE.app/Contents/Eclipse/plugins/com.st.stm32cube.ide.mcu.externaltools.gnu-tools-for-stm32.13.3.rel1.macos64_1.0.0.202411102158/tools/bin/../lib/gcc/arm-none-eabi/13.3.1/../../../../arm-none-eabi/lib/thumb/v7-m/nofp/libc_nano.a(libc_a-fwalk.o)
                              /Applications/STM32CubeIDE.app/Contents/Eclipse/plugins/com.st.stm32cube.ide.mcu.externaltools.gnu-tools-for-stm32.13.3.rel1.macos64_1.0.0.202411102158/tools/bin/../lib/gcc/arm-none-eabi/13.3.1/../../../../arm-none-eabi/lib/thumb/v7-m/nofp/libc_nano.a(libc_a-findfp.o) (_fwalk_sglue)
/Applications/STM32CubeIDE.app/Contents/Eclipse/plugins/com.st.stm32cube.ide.mcu.externaltools.gnu-tools-for-stm32.13.3.rel1.macos64_1.0.0.202411102158/tools/bin/../lib/gcc/arm-none-eabi/13.3.1/../../../../arm-none-eabi/lib/thumb/v7-m/nofp/libc_nano.a(libc_a-memset.o)
                              /Applications/STM32CubeIDE.app/Contents/Eclipse/plugins/com.st.stm32cube.ide.mcu.externaltools.gnu-tools-for-stm32.13.3.rel1.macos64_1.0.0.202411102158/tools/bin/../lib/gcc/arm-none-eabi/13.3.1/../../../../arm-none-eabi/lib/thumb/v7-m/nofp/crt0.o (memset)
/Applications/STM32CubeIDE.app/Contents/Eclipse/plugins/com.st.stm32cube.ide.mcu.externaltools.gnu-tools-for-stm32.13.3.rel1.macos64_1.0.0.202411102158/tools/bin/../lib/gcc/arm-none-eabi/13.3.1/../../../../arm-none-eabi/lib/thumb/v7-m/nofp/libc_nano.a(libc_a-errno.o)
                              ./Core/Src/syscalls.o (__errno)
/Applications/STM32CubeIDE.app/Contents/Eclipse/plugins/com.st.stm32cube.ide.mcu.externaltools.gnu-tools-for-stm32.13.3.rel1.macos64_1.0.0.202411102158/tools/bin/../lib/gcc/arm-none-eabi/13.3.1/../../../../arm-none-eabi/lib/thumb/v7-m/nofp/libc_nano.a(libc_a-init.o)
                              /Applications/STM32CubeIDE.app/Contents/Eclipse/plugins/com.st.stm32cube.ide.mcu.externaltools.gnu-tools-for-stm32.13.3.rel1.macos64_1.0.0.202411102158/tools/bin/../lib/gcc/arm-none-eabi/13.3.1/../../../../arm-none-eabi/lib/thumb/v7-m/nofp/crt0.o (__libc_init_array)
/Applications/STM32CubeIDE.app/Contents/Eclipse/plugins/com.st.stm32cube.ide.mcu.externaltools.gnu-tools-for-stm32.13.3.rel1.macos64_1.0.0.202411102158/tools/bin/../lib/gcc/arm-none-eabi/13.3.1/../../../../arm-none-eabi/lib/thumb/v7-m/nofp/libc_nano.a(libc_a-lock.o)
                              /Applications/STM32CubeIDE.app/Contents/Eclipse/plugins/com.st.stm32cube.ide.mcu.externaltools.gnu-tools-for-stm32.13.3.rel1.macos64_1.0.0.202411102158/tools/bin/../lib/gcc/arm-none-eabi/13.3.1/../../../../arm-none-eabi/lib/thumb/v7-m/nofp/libc_nano.a(libc_a-findfp.o) (__retarget_lock_init_recursive)
/Applications/STM32CubeIDE.app/Contents/Eclipse/plugins/com.st.stm32cube.ide.mcu.externaltools.gnu-tools-for-stm32.13.3.rel1.macos64_1.0.0.202411102158/tools/bin/../lib/gcc/arm-none-eabi/13.3.1/../../../../arm-none-eabi/lib/thumb/v7-m/nofp/libc_nano.a(libc_a-impure.o)
                              /Applications/STM32CubeIDE.app/Contents/Eclipse/plugins/com.st.stm32cube.ide.mcu.externaltools.gnu-tools-for-stm32.13.3.rel1.macos64_1.0.0.202411102158/tools/bin/../lib/gcc/arm-none-eabi/13.3.1/../../../../arm-none-eabi/lib/thumb/v7-m/nofp/libc_nano.a(libc_a-errno.o) (_impure_ptr)
/Applications/STM32CubeIDE.app/Contents/Eclipse/plugins/com.st.stm32cube.ide.mcu.externaltools.gnu-tools-for-stm32.13.3.rel1.macos64_1.0.0.202411102158/tools/bin/../lib/gcc/arm-none-eabi/13.3.1/../../../../arm-none-eabi/lib/thumb/v7-m/nofp/libc_nano.a(libc_a-mallocr.o)
                              /Applications/STM32CubeIDE.app/Contents/Eclipse/plugins/com.st.stm32cube.ide.mcu.externaltools.gnu-tools-for-stm32.13.3.rel1.macos64_1.0.0.202411102158/tools/bin/../lib/gcc/arm-none-eabi/13.3.1/../../../../arm-none-eabi/lib/thumb/v7-m/nofp/libc_nano.a(libc_a-findfp.o) (_malloc_r)
[...]
Memory Configuration

Name             Origin             Length             Attributes
RAM              0x20000000         0x00005000         xrw
FLASH            0x08000000         0x00010000         xr
*default*        0x00000000         0xffffffff

Linker script and memory map

LOAD /Applications/STM32CubeIDE.app/Contents/Eclipse/plugins/com.st.stm32cube.ide.mcu.externaltools.gnu-tools-for-stm32.13.3.rel1.macos64_1.0.0.202411102158/tools/bin/../lib/gcc/arm-none-eabi/13.3.1/thumb/v7-m/nofp/crti.o
LOAD /Applications/STM32CubeIDE.app/Contents/Eclipse/plugins/com.st.stm32cube.ide.mcu.externaltools.gnu-tools-for-stm32.13.3.rel1.macos64_1.0.0.202411102158/tools/bin/../lib/gcc/arm-none-eabi/13.3.1/thumb/v7-m/nofp/crtbegin.o
LOAD /Applications/STM32CubeIDE.app/Contents/Eclipse/plugins/com.st.stm32cube.ide.mcu.externaltools.gnu-tools-for-stm32.13.3.rel1.macos64_1.0.0.202411102158/tools/bin/../lib/gcc/arm-none-eabi/13.3.1/../../../../arm-none-eabi/lib/thumb/v7-m/nofp/crt0.o
LOAD ./Core/Src/fonts.o
LOAD ./Core/Src/main.o
LOAD ./Core/Src/st7789.o
LOAD ./Core/Src/stm32f1xx_hal_msp.o
LOAD ./Core/Src/stm32f1xx_it.o
LOAD ./Core/Src/syscalls.o
LOAD ./Core/Src/sysmem.o
LOAD ./Core/Src/system_stm32f1xx.o
LOAD ./Core/Startup/startup_stm32f103c8tx.o
LOAD ./Drivers/STM32F1xx_HAL_Driver/Src/stm32f1xx_hal.o
LOAD ./Drivers/STM32F1xx_HAL_Driver/Src/stm32f1xx_hal_cortex.o
LOAD ./Drivers/STM32F1xx_HAL_Driver/Src/stm32f1xx_hal_dma.o
LOAD ./Drivers/STM32F1xx_HAL_Driver/Src/stm32f1xx_hal_exti.o
LOAD ./Drivers/STM32F1xx_HAL_Driver/Src/stm32f1xx_hal_flash.o
LOAD ./Drivers/STM32F1xx_HAL_Driver/Src/stm32f1xx_hal_flash_ex.o
LOAD ./Drivers/STM32F1xx_HAL_Driver/Src/stm32f1xx_hal_gpio.o
LOAD ./Drivers/STM32F1xx_HAL_Driver/Src/stm32f1xx_hal_gpio_ex.o
LOAD ./Drivers/STM32F1xx_HAL_Driver/Src/stm32f1xx_hal_pwr.o
LOAD ./Drivers/STM32F1xx_HAL_Driver/Src/stm32f1xx_hal_rcc.o
LOAD ./Drivers/STM32F1xx_HAL_Driver/Src/stm32f1xx_hal_rcc_ex.o
LOAD ./Drivers/STM32F1xx_HAL_Driver/Src/stm32f1xx_hal_spi.o
LOAD ./Drivers/STM32F1xx_HAL_Driver/Src/stm32f1xx_hal_uart.o
START GROUP
LOAD /Applications/STM32CubeIDE.app/Contents/Eclipse/plugins/com.st.stm32cube.ide.mcu.externaltools.gnu-tools-for-stm32.13.3.rel1.macos64_1.0.0.202411102158/tools/bin/../lib/gcc/arm-none-eabi/13.3.1/../../../../arm-none-eabi/lib/thumb/v7-m/nofp/libc_nano.a
LOAD /Applications/STM32CubeIDE.app/Contents/Eclipse/plugins/com.st.stm32cube.ide.mcu.externaltools.gnu-tools-for-stm32.13.3.rel1.macos64_1.0.0.202411102158/tools/bin/../lib/gcc/arm-none-eabi/13.3.1/../../../../arm-none-eabi/lib/thumb/v7-m/nofp/libm.a
END GROUP
START GROUP
LOAD /Applications/STM32CubeIDE.app/Contents/Eclipse/plugins/com.st.stm32cube.ide.mcu.externaltools.gnu-tools-for-stm32.13.3.rel1.macos64_1.0.0.202411102158/tools/bin/../lib/gcc/arm-none-eabi/13.3.1/thumb/v7-m/nofp/libgcc.a
LOAD /Applications/STM32CubeIDE.app/Contents/Eclipse/plugins/com.st.stm32cube.ide.mcu.externaltools.gnu-tools-for-stm32.13.3.rel1.macos64_1.0.0.202411102158/tools/bin/../lib/gcc/arm-none-eabi/13.3.1/../../../../arm-none-eabi/lib/thumb/v7-m/nofp/libc_nano.a
END GROUP
START GROUP
LOAD /Applications/STM32CubeIDE.app/Contents/Eclipse/plugins/com.st.stm32cube.ide.mcu.externaltools.gnu-tools-for-stm32.13.3.rel1.macos64_1.0.0.202411102158/tools/bin/../lib/gcc/arm-none-eabi/13.3.1/thumb/v7-m/nofp/libgcc.a
LOAD /Applications/STM32CubeIDE.app/Contents/Eclipse/plugins/com.st.stm32cube.ide.mcu.externaltools.gnu-tools-for-stm32.13.3.rel1.macos64_1.0.0.202411102158/tools/bin/../lib/gcc/arm-none-eabi/13.3.1/../../../../arm-none-eabi/lib/thumb/v7-m/nofp/libc_nano.a
LOAD /Applications/STM32CubeIDE.app/Contents/Eclipse/plugins/com.st.stm32cube.ide.mcu.externaltools.gnu-tools-for-stm32.13.3.rel1.macos64_1.0.0.202411102158/tools/bin/../lib/gcc/arm-none-eabi/13.3.1/../../../../arm-none-eabi/lib/thumb/v7-m/nofp/libnosys.a
END GROUP
START GROUP
LOAD /Applications/STM32CubeIDE.app/Contents/Eclipse/plugins/com.st.stm32cube.ide.mcu.externaltools.gnu-tools-for-stm32.13.3.rel1.macos64_1.0.0.202411102158/tools/bin/../lib/gcc/arm-none-eabi/13.3.1/thumb/v7-m/nofp/libgcc.a
LOAD /Applications/STM32CubeIDE.app/Contents/Eclipse/plugins/com.st.stm32cube.ide.mcu.externaltools.gnu-tools-for-stm32.13.3.rel1.macos64_1.0.0.202411102158/tools/bin/../lib/gcc/arm-none-eabi/13.3.1/../../../../arm-none-eabi/lib/thumb/v7-m/nofp/libc_nano.a
LOAD /Applications/STM32CubeIDE.app/Contents/Eclipse/plugins/com.st.stm32cube.ide.mcu.externaltools.gnu-tools-for-stm32.13.3.rel1.macos64_1.0.0.202411102158/tools/bin/../lib/gcc/arm-none-eabi/13.3.1/../../../../arm-none-eabi/lib/thumb/v7-m/nofp/libnosys.a
END GROUP
LOAD /Applications/STM32CubeIDE.app/Contents/Eclipse/plugins/com.st.stm32cube.ide.mcu.externaltools.gnu-tools-for-stm32.13.3.rel1.macos64_1.0.0.202411102158/tools/bin/../lib/gcc/arm-none-eabi/13.3.1/thumb/v7-m/nofp/crtend.o
LOAD /Applications/STM32CubeIDE.app/Contents/Eclipse/plugins/com.st.stm32cube.ide.mcu.externaltools.gnu-tools-for-stm32.13.3.rel1.macos64_1.0.0.202411102158/tools/bin/../lib/gcc/arm-none-eabi/13.3.1/thumb/v7-m/nofp/crtn.o
                0x20005000                        _estack = (ORIGIN (RAM) + LENGTH (RAM))
                0x00000200                        _Min_Heap_Size = 0x200
                0x00000400                        _Min_Stack_Size = 0x400

.isr_vector     0x08000000      0x10c
                0x08000000                        . = ALIGN (0x4)
 *(.isr_vector)
 .isr_vector    0x08000000      0x10c ./Core/Startup/startup_stm32f103c8tx.o
                0x08000000                g_pfnVectors
                0x0800010c                        . = ALIGN (0x4)

.text           0x0800010c     0x1b70
                0x0800010c                        . = ALIGN (0x4)
 *(.text)
 .text          0x0800010c       0x40 /Applications/STM32CubeIDE.app/Contents/Eclipse/plugins/com.st.stm32cube.ide.mcu.externaltools.gnu-tools-for-stm32.13.3.rel1.macos64_1.0.0.202411102158/tools/bin/../lib/gcc/arm-none-eabi/13.3.1/thumb/v7-m/nofp/crtbegin.o
 *(.text*)
 .text.main     0x0800014c       0xbc ./Core/Src/main.o
                0x0800014c                main
 .text.SystemClock_Config
                0x08000208       0x8a ./Core/Src/main.o
                0x08000208                SystemClock_Config
 *fill*         0x08000292        0x2 
 .text.MX_SPI1_Init
                0x08000294       0x6c ./Core/Src/main.o
 .text.MX_GPIO_Init
                0x08000300       0x7c ./Core/Src/main.o
 .text.Error_Handler
                0x0800037c       0x20 ./Core/Src/main.o
                0x0800037c                Error_Handler
 .text.ST7789_Reset
                0x0800039c       0x3c ./Core/Src/st7789.o
 .text.ST7789_WriteCommand
                0x080003d8       0x48 ./Core/Src/st7789.o
 .text.ST7789_WriteData
                0x08000420       0x48 ./Core/Src/st7789.o
 .text.ST7789_WriteSmallData
                0x08000468       0x48 ./Core/Src/st7789.o
 .text.ST7789_SetAddressWindow
                0x080004b0       0x90 ./Core/Src/st7789.o
 .text.ST7789_Init
                0x08000540       0xa8 ./Core/Src/st7789.o
                0x08000540                ST7789_Init
 .text.ST7789_Fill_Color
                0x080005e8       0x60 ./Core/Src/st7789.o
                0x080005e8                ST7789_Fill_Color
 .text.ST7789_DrawPixel
                0x08000648       0x50 ./Core/Src/st7789.o
                0x08000648                ST7789_DrawPixel
 .text.ST7789_WriteString
                0x08000698      0x100 ./Core/Src/st7789.o
                0x08000698                ST7789_WriteString
 .text.HAL_MspInit
                0x08000798       0x64 ./Core/Src/stm32f1xx_hal_msp.o
                0x08000798                HAL_MspInit
 .text.HAL_SPI_MspInit
                0x080007fc       0x94 ./Core/Src/stm32f1xx_hal_msp.o
                0x080007fc                HAL_SPI_MspInit
 .text.NMI_Handler
                0x08000890        0x8 ./Core/Src/stm32f1xx_it.o
                0x08000890                NMI_Handler
 .text.HardFault_Handler
                0x08000898        0x8 ./Core/Src/stm32f1xx_it.o
                0x08000898                HardFault_Handler
 .text.MemManage_Handler
                0x080008a0        0x8 ./Core/Src/stm32f1xx_it.o
                0x080008a0                MemManage_Handler
 .text.BusFault_Handler
                0x080008a8        0x8 ./Core/Src/stm32f1xx_it.o
                0x080008a8                BusFault_Handler
 .text.UsageFault_Handler
                0x080008b0        0x8 ./Core/Src/stm32f1xx_it.o
                0x080008b0                UsageFault_Handler
 .text.SVC_Handler
                0x080008b8        0xc ./Core/Src/stm32f1xx_it.o
                0x080008b8                SVC_Handler
 .text.DebugMon_Handler
                0x080008c4        0xc ./Core/Src/stm32f1xx_it.o
                0x080008c4                DebugMon_Handler
 .text.PendSV_Handler
                0x080008d0        0xc ./Core/Src/stm32f1xx_it.o
                0x080008d0                PendSV_Handler
 .text.SysTick_Handler
                0x080008dc        0xc ./Core/Src/stm32f1xx_it.o
                0x080008dc                SysTick_Handler
 .text.SystemInit
                0x080008e8        0xc ./Core/Src/system_stm32f1xx.o
                0x080008e8                SystemInit
 .text.Reset_Handler
                0x080008f4       0x48 ./Core/Startup/startup_stm32f103c8tx.o
                0x080008f4                Reset_Handler
 .text.Default_Handler
                0x0800093c        0x2 ./Core/Startup/startup_stm32f103c8tx.o
                0x0800093c                USBWakeUp_IRQHandler
                0x0800093c                EXTI2_IRQHandler
                0x0800093c                TIM1_CC_IRQHandler
                0x0800093c                PVD_IRQHandler
                0x0800093c                EXTI3_IRQHandler
                0x0800093c                EXTI0_IRQHandler
                0x0800093c                I2C2_EV_IRQHandler
                0x0800093c                ADC1_2_IRQHandler
                0x0800093c                SPI1_IRQHandler
                0x0800093c                TAMPER_IRQHandler
                0x0800093c                DMA1_Channel4_IRQHandler
                0x0800093c                USART3_IRQHandler
                0x0800093c                RTC_IRQHandler
                0x0800093c                DMA1_Channel7_IRQHandler
                0x0800093c                CAN1_RX1_IRQHandler
                0x0800093c                TIM4_IRQHandler
                0x0800093c                I2C1_EV_IRQHandler
                0x0800093c                DMA1_Channel6_IRQHandler
                0x0800093c                TIM3_IRQHandler
                0x0800093c                RCC_IRQHandler
                0x0800093c                TIM1_TRG_COM_IRQHandler
                0x0800093c                DMA1_Channel1_IRQHandler
                0x0800093c                Default_Handler
                0x0800093c                EXTI15_10_IRQHandler
                0x0800093c                EXTI9_5_IRQHandler
                0x0800093c                SPI2_IRQHandler
                0x0800093c                DMA1_Channel5_IRQHandler
                0x0800093c                EXTI4_IRQHandler
                0x0800093c                USB_LP_CAN1_RX0_IRQHandler
                0x0800093c                USB_HP_CAN1_TX_IRQHandler
                0x0800093c                DMA1_Channel3_IRQHandler
                0x0800093c                TIM1_UP_IRQHandler
                0x0800093c                WWDG_IRQHandler
                0x0800093c                TIM2_IRQHandler
                0x0800093c                TIM1_BRK_IRQHandler
                0x0800093c                EXTI1_IRQHandler
                0x0800093c                USART2_IRQHandler
                0x0800093c                I2C2_ER_IRQHandler
                0x0800093c                DMA1_Channel2_IRQHandler
                0x0800093c                CAN1_SCE_IRQHandler
                0x0800093c                FLASH_IRQHandler
                0x0800093c                USART1_IRQHandler
                0x0800093c                I2C1_ER_IRQHandler
                0x0800093c                RTC_Alarm_IRQHandler
 *fill*         0x0800093e        0x2 
 .text.HAL_Init
                0x08000940       0x2c ./Drivers/STM32F1xx_HAL_Driver/Src/stm32f1xx_hal.o
                0x08000940                HAL_Init
 .text.HAL_InitTick
                0x0800096c       0x60 ./Drivers/STM32F1xx_HAL_Driver/Src/stm32f1xx_hal.o
                0x0800096c                HAL_InitTick
 .text.HAL_IncTick
                0x080009cc       0x24 ./Drivers/STM32F1xx_HAL_Driver/Src/stm32f1xx_hal.o
                0x080009cc                HAL_IncTick
 .text.HAL_GetTick
                0x080009f0       0x14 ./Drivers/STM32F1xx_HAL_Driver/Src/stm32f1xx_hal.o
                0x080009f0                HAL_GetTick
 .text.HAL_Delay
                0x08000a04       0x48 ./Drivers/STM32F1xx_HAL_Driver/Src/stm32f1xx_hal.o
                0x08000a04                HAL_Delay
 .text.__NVIC_SetPriorityGrouping
                0x08000a4c       0x48 ./Drivers/STM32F1xx_HAL_Driver/Src/stm32f1xx_hal_cortex.o
 .text.__NVIC_GetPriorityGrouping
                0x08000a94       0x1c ./Drivers/STM32F1xx_HAL_Driver/Src/stm32f1xx_hal_cortex.o
 .text.__NVIC_SetPriority
                0x08000ab0       0x54 ./Drivers/STM32F1xx_HAL_Driver/Src/stm32f1xx_hal_cortex.o
 .text.NVIC_EncodePriority
                0x08000b04       0x64 ./Drivers/STM32F1xx_HAL_Driver/Src/stm32f1xx_hal_cortex.o
 .text.SysTick_Config
                0x08000b68       0x44 ./Drivers/STM32F1xx_HAL_Driver/Src/stm32f1xx_hal_cortex.o
 .text.HAL_NVIC_SetPriorityGrouping
                0x08000bac       0x16 ./Drivers/STM32F1xx_HAL_Driver/Src/stm32f1xx_hal_cortex.o
                0x08000bac                HAL_NVIC_SetPriorityGrouping
 .text.HAL_NVIC_SetPriority
                0x08000bc2       0x38 ./Drivers/STM32F1xx_HAL_Driver/Src/stm32f1xx_hal_cortex.o
                0x08000bc2                HAL_NVIC_SetPriority
 .text.HAL_SYSTICK_Config
                0x08000bfa       0x18 ./Drivers/STM32F1xx_HAL_Driver/Src/stm32f1xx_hal_cortex.o
                0x08000bfa                HAL_SYSTICK_Config
 *fill*         0x08000c12        0x2 
 .text.HAL_GPIO_Init
                0x08000c14      0x308 ./Drivers/STM32F1xx_HAL_Driver/Src/stm32f1xx_hal_gpio.o
                0x08000c14                HAL_GPIO_Init
 .text.HAL_GPIO_WritePin
                0x08000f1c       0x30 ./Drivers/STM32F1xx_HAL_Driver/Src/stm32f1xx_hal_gpio.o
                0x08000f1c                HAL_GPIO_WritePin
 .text.HAL_RCC_OscConfig
                0x08000f4c      0x504 ./Drivers/STM32F1xx_HAL_Driver/Src/stm32f1xx_hal_rcc.o
                0x08000f4c                HAL_RCC_OscConfig
 .text.HAL_RCC_ClockConfig
                0x08001450      0x1d4 ./Drivers/STM32F1xx_HAL_Driver/Src/stm32f1xx_hal_rcc.o
                0x08001450                HAL_RCC_ClockConfig
 .text.HAL_RCC_GetSysClockFreq
                0x08001624       0xa8 ./Drivers/STM32F1xx_HAL_Driver/Src/stm32f1xx_hal_rcc.o
                0x08001624                HAL_RCC_GetSysClockFreq
 .text.RCC_Delay
                0x080016cc       0x3c ./Drivers/STM32F1xx_HAL_Driver/Src/stm32f1xx_hal_rcc.o
 .text.HAL_SPI_Init
                0x08001708      0x108 ./Drivers/STM32F1xx_HAL_Driver/Src/stm32f1xx_hal_spi.o
                0x08001708                HAL_SPI_Init
 .text.HAL_SPI_Transmit
                0x08001810      0x288 ./Drivers/STM32F1xx_HAL_Driver/Src/stm32f1xx_hal_spi.o
                0x08001810                HAL_SPI_Transmit
 .text.SPI_WaitFlagStateUntilTimeout
                0x08001a98      0x110 ./Drivers/STM32F1xx_HAL_Driver/Src/stm32f1xx_hal_spi.o
 .text.SPI_EndRxTxTransaction
                0x08001ba8       0x62 ./Drivers/STM32F1xx_HAL_Driver/Src/stm32f1xx_hal_spi.o
 .text.memset   0x08001c0a       0x10 /Applications/STM32CubeIDE.app/Contents/Eclipse/plugins/com.st.stm32cube.ide.mcu.externaltools.gnu-tools-for-stm32.13.3.rel1.macos64_1.0.0.202411102158/tools/bin/../lib/gcc/arm-none-eabi/13.3.1/../../../../arm-none-eabi/lib/thumb/v7-m/nofp/libc_nano.a(libc_a-memset.o)
                0x08001c0a                memset
 *fill*         0x08001c1a        0x2 
 .text.__libc_init_array
                0x08001c1c       0x48 /Applications/STM32CubeIDE.app/Contents/Eclipse/plugins/com.st.stm32cube.ide.mcu.externaltools.gnu-tools-for-stm32.13.3.rel1.macos64_1.0.0.202411102158/tools/bin/../lib/gcc/arm-none-eabi/13.3.1/../../../../arm-none-eabi/lib/thumb/v7-m/nofp/libc_nano.a(libc_a-init.o)
                0x08001c1c                __libc_init_array
 *(.glue_7)
 .glue_7        0x08001c64        0x0 linker stubs
 *(.glue_7t)
 .glue_7t       0x08001c64        0x0 linker stubs
 *(.eh_frame)
 .eh_frame      0x08001c64        0x0 /Applications/STM32CubeIDE.app/Contents/Eclipse/plugins/com.st.stm32cube.ide.mcu.externaltools.gnu-tools-for-stm32.13.3.rel1.macos64_1.0.0.202411102158/tools/bin/../lib/gcc/arm-none-eabi/13.3.1/thumb/v7-m/nofp/crtbegin.o
 *(.init)
 .init          0x08001c64        0x4 /Applications/STM32CubeIDE.app/Contents/Eclipse/plugins/com.st.stm32cube.ide.mcu.externaltools.gnu-tools-for-stm32.13.3.rel1.macos64_1.0.0.202411102158/tools/bin/../lib/gcc/arm-none-eabi/13.3.1/thumb/v7-m/nofp/crti.o
                0x08001c64                _init
 .init          0x08001c68        0x8 /Applications/STM32CubeIDE.app/Contents/Eclipse/plugins/com.st.stm32cube.ide.mcu.externaltools.gnu-tools-for-stm32.13.3.rel1.macos64_1.0.0.202411102158/tools/bin/../lib/gcc/arm-none-eabi/13.3.1/thumb/v7-m/nofp/crtn.o
 *(.fini)
 .fini          0x08001c70        0x4 /Applications/STM32CubeIDE.app/Contents/Eclipse/plugins/com.st.stm32cube.ide.mcu.externaltools.gnu-tools-for-stm32.13.3.rel1.macos64_1.0.0.202411102158/tools/bin/../lib/gcc/arm-none-eabi/13.3.1/thumb/v7-m/nofp/crti.o
                0x08001c70                _fini
 .fini          0x08001c74        0x8 /Applications/STM32CubeIDE.app/Contents/Eclipse/plugins/com.st.stm32cube.ide.mcu.externaltools.gnu-tools-for-stm32.13.3.rel1.macos64_1.0.0.202411102158/tools/bin/../lib/gcc/arm-none-eabi/13.3.1/thumb/v7-m/nofp/crtn.o
                0x08001c7c                        . = ALIGN (0x4)
                0x08001c7c                        _etext = .

.vfp11_veneer   0x08001c7c        0x0
 .vfp11_veneer  0x08001c7c        0x0 linker stubs

.v4_bx          0x08001c7c        0x0
 .v4_bx         0x08001c7c        0x0 linker stubs

.iplt           0x08001c7c        0x0
 .iplt          0x08001c7c        0x0 /Applications/STM32CubeIDE.app/Contents/Eclipse/plugins/com.st.stm32cube.ide.mcu.externaltools.gnu-tools-for-stm32.13.3.rel1.macos64_1.0.0.202411102158/tools/bin/../lib/gcc/arm-none-eabi/13.3.1/thumb/v7-m/nofp/crtbegin.o

.rodata         0x08001c7c      0x898
                0x08001c7c                        . = ALIGN (0x4)
 *(.rodata)
 .rodata        0x08001c7c       0x28 ./Core/Src/main.o
 *(.rodata*)
 .rodata.Font11x18_Table
                0x08001ca4      0x84c ./Core/Src/fonts.o
                0x08001ca4                Font11x18_Table
 .rodata.AHBPrescTable
                0x080024f0       0x10 ./Core/Src/system_stm32f1xx.o
                0x080024f0                AHBPrescTable
 .rodata.aPLLMULFactorTable.1
                0x08002500       0x10 ./Drivers/STM32F1xx_HAL_Driver/Src/stm32f1xx_hal_rcc.o
 .rodata.aPredivFactorTable.0
                0x08002510        0x2 ./Drivers/STM32F1xx_HAL_Driver/Src/stm32f1xx_hal_rcc.o
                0x08002514                        . = ALIGN (0x4)
 *fill*         0x08002512        0x2 

.ARM.extab      0x08002514        0x0
                0x08002514                        . = ALIGN (0x4)
 *(.ARM.extab* .gnu.linkonce.armextab.*)
                0x08002514                        . = ALIGN (0x4)

.ARM            0x08002514        0x0
                0x08002514                        . = ALIGN (0x4)
                0x08002514                        __exidx_start = .
 *(.ARM.exidx*)
                0x08002514                        __exidx_end = .
                0x08002514                        . = ALIGN (0x4)

.preinit_array  0x08002514        0x0
                0x08002514                        . = ALIGN (0x4)
                0x08002514                        PROVIDE (__preinit_array_start = .)
 *(.preinit_array*)
                0x08002514                        PROVIDE (__preinit_array_end = .)
                0x08002514                        . = ALIGN (0x4)

.init_array     0x08002514        0x4
                0x08002514                        . = ALIGN (0x4)
                0x08002514                        PROVIDE (__init_array_start = .)
 *(SORT_BY_NAME(.init_array.*))
 *(.init_array*)
 .init_array    0x08002514        0x4 /Applications/STM32CubeIDE.app/Contents/Eclipse/plugins/com.st.stm32cube.ide.mcu.externaltools.gnu-tools-for-stm32.13.3.rel1.macos64_1.0.0.202411102158/tools/bin/../lib/gcc/arm-none-eabi/13.3.1/thumb/v7-m/nofp/crtbegin.o
                0x08002518                        PROVIDE (__init_array_end = .)
                0x08002518                        . = ALIGN (0x4)

.fini_array     0x08002518        0x4
                0x08002518                        . = ALIGN (0x4)
                [!provide]                        PROVIDE (__fini_array_start = .)
 *(SORT_BY_NAME(.fini_array.*))
 *(.fini_array*)
 .fini_array    0x08002518        0x4 /Applications/STM32CubeIDE.app/Contents/Eclipse/plugins/com.st.stm32cube.ide.mcu.externaltools.gnu-tools-for-stm32.13.3.rel1.macos64_1.0.0.202411102158/tools/bin/../lib/gcc/arm-none-eabi/13.3.1/thumb/v7-m/nofp/crtbegin.o
                [!provide]                        PROVIDE (__fini_array_end = .)
                0x0800251c                        . = ALIGN (0x4)
                0x0800251c                        _sidata = LOADADDR (.data)

.rel.dyn        0x0800251c        0x0
 .rel.iplt      0x0800251c        0x0 /Applications/STM32CubeIDE.app/Contents/Eclipse/plugins/com.st.stm32cube.ide.mcu.externaltools.gnu-tools-for-stm32.13.3.rel1.macos64_1.0.0.202411102158/tools/bin/../lib/gcc/arm-none-eabi/13.3.1/thumb/v7-m/nofp/crtbegin.o

.data           0x20000000       0x14 load address 0x0800251c
                0x20000000                        . = ALIGN (0x4)
                0x20000000                        _sdata = .
 *(.data)
 *(.data*)
 .data.Font_11x18
                0x20000000        0x8 ./Core/Src/fonts.o
                0x20000000                Font_11x18
 .data.SystemCoreClock
                0x20000008        0x4 ./Core/Src/system_stm32f1xx.o
                0x20000008                SystemCoreClock
 .data.uwTickPrio
                0x2000000c        0x4 ./Drivers/STM32F1xx_HAL_Driver/Src/stm32f1xx_hal.o
                0x2000000c                uwTickPrio
 .data.uwTickFreq
                0x20000010        0x1 ./Drivers/STM32F1xx_HAL_Driver/Src/stm32f1xx_hal.o
                0x20000010                uwTickFreq
 *(.RamFunc)
 *(.RamFunc*)
                0x20000014                        . = ALIGN (0x4)
 *fill*         0x20000011        0x3 
                0x20000014                        _edata = .

.igot.plt       0x20000014        0x0 load address 0x08002530
 .igot.plt      0x20000014        0x0 /Applications/STM32CubeIDE.app/Contents/Eclipse/plugins/com.st.stm32cube.ide.mcu.externaltools.gnu-tools-for-stm32.13.3.rel1.macos64_1.0.0.202411102158/tools/bin/../lib/gcc/arm-none-eabi/13.3.1/thumb/v7-m/nofp/crtbegin.o
                0x20000014                        . = ALIGN (0x4)

.bss            0x20000014       0x78 load address 0x08002530
                0x20000014                        _sbss = .
                0x20000014                        __bss_start__ = _sbss
 *(.bss)
 .bss           0x20000014       0x1c /Applications/STM32CubeIDE.app/Contents/Eclipse/plugins/com.st.stm32cube.ide.mcu.externaltools.gnu-tools-for-stm32.13.3.rel1.macos64_1.0.0.202411102158/tools/bin/../lib/gcc/arm-none-eabi/13.3.1/thumb/v7-m/nofp/crtbegin.o
 *(.bss*)
 .bss.hspi1     0x20000030       0x58 ./Core/Src/main.o
                0x20000030                hspi1
 .bss.uwTick    0x20000088        0x4 ./Drivers/STM32F1xx_HAL_Driver/Src/stm32f1xx_hal.o
                0x20000088                uwTick
 *(COMMON)
                0x2000008c                        . = ALIGN (0x4)
                0x2000008c                        _ebss = .
                0x2000008c                        __bss_end__ = _ebss

._user_heap_stack
                0x2000008c      0x604 load address 0x08002530
                0x20000090                        . = ALIGN (0x8)
 *fill*         0x2000008c        0x4 
                [!provide]                        PROVIDE (end = .)
                0x20000090                        PROVIDE (_end = .)
                0x20000290                        . = (. + _Min_Heap_Size)
 *fill*         0x20000090      0x200 
                0x20000690                        . = (. + _Min_Stack_Size)
 *fill*         0x20000290      0x400 
                0x20000690                        . = ALIGN (0x8)

/DISCARD/
 libc.a(*)
 libm.a(*)
 libgcc.a(*)

.ARM.attributes
                0x00000000       0x29
 *(.ARM.attributes)
 .ARM.attributes
                0x00000000       0x1d /Applications/STM32CubeIDE.app/Contents/Eclipse/plugins/com.st.stm32cube.ide.mcu.externaltools.gnu-tools-for-stm32.13.3.rel1.macos64_1.0.0.202411102158/tools/bin/../lib/gcc/arm-none-eabi/13.3.1/thumb/v7-m/nofp/crti.o
 .ARM.attributes
                0x0000001d       0x2d /Applications/STM32CubeIDE.app/Contents/Eclipse/plugins/com.st.stm32cube.ide.mcu.externaltools.gnu-tools-for-stm32.13.3.rel1.macos64_1.0.0.202411102158/tools/bin/../lib/gcc/arm-none-eabi/13.3.1/thumb/v7-m/nofp/crtbegin.o
 .ARM.attributes
                0x0000004a       0x2d ./Core/Src/fonts.o
 .ARM.attributes
                0x00000077       0x2d ./Core/Src/main.o
 .ARM.attributes
                0x000000a4       0x2d ./Core/Src/st7789.o
 .ARM.attributes
                0x000000d1       0x2d ./Core/Src/stm32f1xx_hal_msp.o
 .ARM.attributes
                0x000000fe       0x2d ./Core/Src/stm32f1xx_it.o
 .ARM.attributes
                0x0000012b       0x2d ./Core/Src/system_stm32f1xx.o
 .ARM.attributes
                0x00000158       0x21 ./Core/Startup/startup_stm32f103c8tx.o
 .ARM.attributes
                0x00000179       0x2d ./Drivers/STM32F1xx_HAL_Driver/Src/stm32f1xx_hal.o
 .ARM.attributes
                0x000001a6       0x2d ./Drivers/STM32F1xx_HAL_Driver/Src/stm32f1xx_hal_cortex.o
 .ARM.attributes
                0x000001d3       0x2d ./Drivers/STM32F1xx_HAL_Driver/Src/stm32f1xx_hal_gpio.o
 .ARM.attributes
                0x00000200       0x2d ./Drivers/STM32F1xx_HAL_Driver/Src/stm32f1xx_hal_rcc.o
 .ARM.attributes
                0x0000022d       0x2d ./Drivers/STM32F1xx_HAL_Driver/Src/stm32f1xx_hal_spi.o
 .ARM.attributes
                0x0000025a       0x2d /Applications/STM32CubeIDE.app/Contents/Eclipse/plugins/com.st.stm32cube.ide.mcu.externaltools.gnu-tools-for-stm32.13.3.rel1.macos64_1.0.0.202411102158/tools/bin/../lib/gcc/arm-none-eabi/13.3.1/../../../../arm-none-eabi/lib/thumb/v7-m/nofp/libc_nano.a(libc_a-memset.o)
 .ARM.attributes
                0x00000287       0x2d /Applications/STM32CubeIDE.app/Contents/Eclipse/plugins/com.st.stm32cube.ide.mcu.externaltools.gnu-tools-for-stm32.13.3.rel1.macos64_1.0.0.202411102158/tools/bin/../lib/gcc/arm-none-eabi/13.3.1/../../../../arm-none-eabi/lib/thumb/v7-m/nofp/libc_nano.a(libc_a-init.o)
 .ARM.attributes
                0x000002b4       0x1d /Applications/STM32CubeIDE.app/Contents/Eclipse/plugins/com.st.stm32cube.ide.mcu.externaltools.gnu-tools-for-stm32.13.3.rel1.macos64_1.0.0.202411102158/tools/bin/../lib/gcc/arm-none-eabi/13.3.1/thumb/v7-m/nofp/crtn.o
OUTPUT(ST7789Driver.elf elf32-littlearm)
LOAD linker stubs
LOAD /Applications/STM32CubeIDE.app/Contents/Eclipse/plugins/com.st.stm32cube.ide.mcu.externaltools.gnu-tools-for-stm32.13.3.rel1.macos64_1.0.0.202411102158/tools/bin/../lib/gcc/arm-none-eabi/13.3.1/../../../../arm-none-eabi/lib/thumb/v7-m/nofp/libc.a
LOAD /Applications/STM32CubeIDE.app/Contents/Eclipse/plugins/com.st.stm32cube.ide.mcu.externaltools.gnu-tools-for-stm32.13.3.rel1.macos64_1.0.0.202411102158/tools/bin/../lib/gcc/arm-none-eabi/13.3.1/../../../../arm-none-eabi/lib/thumb/v7-m/nofp/libm.a
LOAD /Applications/STM32CubeIDE.app/Contents/Eclipse/plugins/com.st.stm32cube.ide.mcu.externaltools.gnu-tools-for-stm32.13.3.rel1.macos64_1.0.0.202411102158/tools/bin/../lib/gcc/arm-none-eabi/13.3.1/thumb/v7-m/nofp/libgcc.a

.debug_info     0x00000000     0x5924
 .debug_info    0x00000000      0x125 ./Core/Src/fonts.o
 .debug_info    0x00000125      0xcb5 ./Core/Src/main.o
 .debug_info    0x00000dda      0x9cd ./Core/Src/st7789.o
 .debug_info    0x000017a7      0xae0 ./Core/Src/stm32f1xx_hal_msp.o
 .debug_info    0x00002287      0x113 ./Core/Src/stm32f1xx_it.o
 .debug_info    0x0000239a      0x222 ./Core/Src/system_stm32f1xx.o
 .debug_info    0x000025bc       0x30 ./Core/Startup/startup_stm32f103c8tx.o
 .debug_info    0x000025ec      0x704 ./Drivers/STM32F1xx_HAL_Driver/Src/stm32f1xx_hal.o
 .debug_info    0x00002cf0      0xa87 ./Drivers/STM32F1xx_HAL_Driver/Src/stm32f1xx_hal_cortex.o
 .debug_info    0x00003777      0x5ab ./Drivers/STM32F1xx_HAL_Driver/Src/stm32f1xx_hal_gpio.o
 .debug_info    0x00003d22      0x7d5 ./Drivers/STM32F1xx_HAL_Driver/Src/stm32f1xx_hal_rcc.o
 .debug_info    0x000044f7     0x142d ./Drivers/STM32F1xx_HAL_Driver/Src/stm32f1xx_hal_spi.o

.debug_abbrev   0x00000000     0x14b9
 .debug_abbrev  0x00000000       0xaf ./Core/Src/fonts.o
 .debug_abbrev  0x000000af      0x27e ./Core/Src/main.o
 .debug_abbrev  0x0000032d      0x21a ./Core/Src/st7789.o
 .debug_abbrev  0x00000547      0x1ac ./Core/Src/stm32f1xx_hal_msp.o
 .debug_abbrev  0x000006f3       0x73 ./Core/Src/stm32f1xx_it.o
 .debug_abbrev  0x00000766      0x13f ./Core/Src/system_stm32f1xx.o
 .debug_abbrev  0x000008a5       0x24 ./Core/Startup/startup_stm32f103c8tx.o
 .debug_abbrev  0x000008c9      0x201 ./Drivers/STM32F1xx_HAL_Driver/Src/stm32f1xx_hal.o
 .debug_abbrev  0x00000aca      0x2f8 ./Drivers/STM32F1xx_HAL_Driver/Src/stm32f1xx_hal_cortex.o
 .debug_abbrev  0x00000dc2      0x1ca ./Drivers/STM32F1xx_HAL_Driver/Src/stm32f1xx_hal_gpio.o
 .debug_abbrev  0x00000f8c      0x2b3 ./Drivers/STM32F1xx_HAL_Driver/Src/stm32f1xx_hal_rcc.o
 .debug_abbrev  0x0000123f      0x27a ./Drivers/STM32F1xx_HAL_Driver/Src/stm32f1xx_hal_spi.o

.debug_aranges  0x00000000      0x650
 .debug_aranges
                0x00000000       0x18 ./Core/Src/fonts.o
 .debug_aranges
                0x00000018       0x48 ./Core/Src/main.o
 .debug_aranges
                0x00000060       0x68 ./Core/Src/st7789.o
 .debug_aranges
                0x000000c8       0x40 ./Core/Src/stm32f1xx_hal_msp.o
 .debug_aranges
                0x00000108       0x60 ./Core/Src/stm32f1xx_it.o
 .debug_aranges
                0x00000168       0x28 ./Core/Src/system_stm32f1xx.o
 .debug_aranges
                0x00000190       0x28 ./Core/Startup/startup_stm32f103c8tx.o
 .debug_aranges
                0x000001b8       0xe0 ./Drivers/STM32F1xx_HAL_Driver/Src/stm32f1xx_hal.o
 .debug_aranges
                0x00000298      0x100 ./Drivers/STM32F1xx_HAL_Driver/Src/stm32f1xx_hal_cortex.o
 .debug_aranges
                0x00000398       0x58 ./Drivers/STM32F1xx_HAL_Driver/Src/stm32f1xx_hal_gpio.o
 .debug_aranges
                0x000003f0       0x90 ./Drivers/STM32F1xx_HAL_Driver/Src/stm32f1xx_hal_rcc.o
 .debug_aranges
                0x00000480      0x1d0 ./Drivers/STM32F1xx_HAL_Driver/Src/stm32f1xx_hal_spi.o

.debug_macro    0x00000000    0x16c17
 .debug_macro   0x00000000       0x6d ./Core/Src/fonts.o
 .debug_macro   0x0000006d      0xacc ./Core/Src/fonts.o
 .debug_macro   0x00000b39       0x22 ./Core/Src/fonts.o
 .debug_macro   0x00000b5b       0x8e ./Core/Src/fonts.o
 .debug_macro   0x00000be9       0x51 ./Core/Src/fonts.o
 .debug_macro   0x00000c3a      0x103 ./Core/Src/fonts.o
 .debug_macro   0x00000d3d       0x6a ./Core/Src/fonts.o
 .debug_macro   0x00000da7      0x1df ./Core/Src/fonts.o
 .debug_macro   0x00000f86      0x1c4 ./Core/Src/main.o
 .debug_macro   0x0000114a      0x21b ./Core/Src/main.o
 .debug_macro   0x00001365       0x2e ./Core/Src/main.o
 .debug_macro   0x00001393       0x22 ./Core/Src/main.o
 .debug_macro   0x000013b5       0x1c ./Core/Src/main.o
 .debug_macro   0x000013d1       0x22 ./Core/Src/main.o
 .debug_macro   0x000013f3       0xbd ./Core/Src/main.o
 .debug_macro   0x000014b0      0xd23 ./Core/Src/main.o
 .debug_macro   0x000021d3     0xe09e ./Core/Src/main.o
 .debug_macro   0x00010271       0x6d ./Core/Src/main.o
 .debug_macro   0x000102de     0x34a2 ./Core/Src/main.o
 .debug_macro   0x00013780      0x190 ./Core/Src/main.o
 .debug_macro   0x00013910       0x5c ./Core/Src/main.o
 .debug_macro   0x0001396c      0x5bc ./Core/Src/main.o
 .debug_macro   0x00013f28      0x289 ./Core/Src/main.o
 .debug_macro   0x000141b1      0x1cb ./Core/Src/main.o
 .debug_macro   0x0001437c      0x114 ./Core/Src/main.o
 .debug_macro   0x00014490      0x1b2 ./Core/Src/main.o
 .debug_macro   0x00014642       0x27 ./Core/Src/main.o
 .debug_macro   0x00014669      0x136 ./Core/Src/main.o
 .debug_macro   0x0001479f      0x1bc ./Core/Src/main.o
 .debug_macro   0x0001495b       0x34 ./Core/Src/main.o
 .debug_macro   0x0001498f       0x3c ./Core/Src/main.o
 .debug_macro   0x000149cb       0x57 ./Core/Src/main.o
 .debug_macro   0x00014a22       0x87 ./Core/Src/main.o
 .debug_macro   0x00014aa9      0x240 ./Core/Src/main.o
 .debug_macro   0x00014ce9      0x140 ./Core/Src/main.o
 .debug_macro   0x00014e29      0x217 ./Core/Src/main.o
 .debug_macro   0x00015040      0x28e ./Core/Src/main.o
 .debug_macro   0x000152ce       0x83 ./Core/Src/main.o
 .debug_macro   0x00015351       0x28 ./Core/Src/main.o
 .debug_macro   0x00015379       0x46 ./Core/Src/main.o
 .debug_macro   0x000153bf      0x2c4 ./Core/Src/st7789.o
 .debug_macro   0x00015683       0x61 ./Core/Src/st7789.o
 .debug_macro   0x000156e4       0x24 ./Core/Src/st7789.o
 .debug_macro   0x00015708       0x43 ./Core/Src/st7789.o
 .debug_macro   0x0001574b       0x34 ./Core/Src/st7789.o
 .debug_macro   0x0001577f      0x370 ./Core/Src/st7789.o
 .debug_macro   0x00015aef       0x16 ./Core/Src/st7789.o
 .debug_macro   0x00015b05       0x4a ./Core/Src/st7789.o
 .debug_macro   0x00015b4f       0x34 ./Core/Src/st7789.o
 .debug_macro   0x00015b83       0x10 ./Core/Src/st7789.o
 .debug_macro   0x00015b93       0x58 ./Core/Src/st7789.o
 .debug_macro   0x00015beb       0x8e ./Core/Src/st7789.o
 .debug_macro   0x00015c79       0x1c ./Core/Src/st7789.o
 .debug_macro   0x00015c95      0x185 ./Core/Src/st7789.o
 .debug_macro   0x00015e1a       0x10 ./Core/Src/st7789.o
 .debug_macro   0x00015e2a       0x3c ./Core/Src/st7789.o
 .debug_macro   0x00015e66       0x20 ./Core/Src/st7789.o
 .debug_macro   0x00015e86      0x1a7 ./Core/Src/stm32f1xx_hal_msp.o
 .debug_macro   0x0001602d      0x1b1 ./Core/Src/stm32f1xx_it.o
 .debug_macro   0x000161de      0x198 ./Core/Src/system_stm32f1xx.o
 .debug_macro   0x00016376      0x1bc ./Drivers/STM32F1xx_HAL_Driver/Src/stm32f1xx_hal.o
 .debug_macro   0x00016532      0x198 ./Drivers/STM32F1xx_HAL_Driver/Src/stm32f1xx_hal_cortex.o
 .debug_macro   0x000166ca      0x203 ./Drivers/STM32F1xx_HAL_Driver/Src/stm32f1xx_hal_gpio.o
 .debug_macro   0x000168cd      0x1aa ./Drivers/STM32F1xx_HAL_Driver/Src/stm32f1xx_hal_rcc.o
 .debug_macro   0x00016a77      0x1a0 ./Drivers/STM32F1xx_HAL_Driver/Src/stm32f1xx_hal_spi.o

.debug_line     0x00000000     0x7285
 .debug_line    0x00000000      0x39f ./Core/Src/fonts.o
 .debug_line    0x0000039f      0x7ca ./Core/Src/main.o
 .debug_line    0x00000b69      0xa30 ./Core/Src/st7789.o
 .debug_line    0x00001599      0x71e ./Core/Src/stm32f1xx_hal_msp.o
 .debug_line    0x00001cb7      0x726 ./Core/Src/stm32f1xx_it.o
 .debug_line    0x000023dd      0x6f6 ./Core/Src/system_stm32f1xx.o
 .debug_line    0x00002ad3       0x78 ./Core/Startup/startup_stm32f103c8tx.o
 .debug_line    0x00002b4b      0x927 ./Drivers/STM32F1xx_HAL_Driver/Src/stm32f1xx_hal.o
 .debug_line    0x00003472      0xaf1 ./Drivers/STM32F1xx_HAL_Driver/Src/stm32f1xx_hal_cortex.o
 .debug_line    0x00003f63      0x984 ./Drivers/STM32F1xx_HAL_Driver/Src/stm32f1xx_hal_gpio.o
 .debug_line    0x000048e7      0xde0 ./Drivers/STM32F1xx_HAL_Driver/Src/stm32f1xx_hal_rcc.o
 .debug_line    0x000056c7     0x1bbe ./Drivers/STM32F1xx_HAL_Driver/Src/stm32f1xx_hal_spi.o

.debug_str      0x00000000    0x82f73
 .debug_str     0x00000000    0x82f73 ./Core/Src/fonts.o
                               0x3df0 (size before relaxing)
 .debug_str     0x00082f73    0x7e83a ./Core/Src/main.o
 .debug_str     0x00082f73    0x819a1 ./Core/Src/st7789.o
 .debug_str     0x00082f73    0x7e58d ./Core/Src/stm32f1xx_hal_msp.o
 .debug_str     0x00082f73    0x7df72 ./Core/Src/stm32f1xx_it.o
 .debug_str     0x00082f73    0x7ded3 ./Core/Src/system_stm32f1xx.o
 .debug_str     0x00082f73       0xbc ./Core/Startup/startup_stm32f103c8tx.o
 .debug_str     0x00082f73    0x7e606 ./Drivers/STM32F1xx_HAL_Driver/Src/stm32f1xx_hal.o
 .debug_str     0x00082f73    0x7e552 ./Drivers/STM32F1xx_HAL_Driver/Src/stm32f1xx_hal_cortex.o
 .debug_str     0x00082f73    0x7e259 ./Drivers/STM32F1xx_HAL_Driver/Src/stm32f1xx_hal_gpio.o
 .debug_str     0x00082f73    0x7e302 ./Drivers/STM32F1xx_HAL_Driver/Src/stm32f1xx_hal_rcc.o
 .debug_str     0x00082f73    0x7e7f9 ./Drivers/STM32F1xx_HAL_Driver/Src/stm32f1xx_hal_spi.o

.comment        0x00000000       0x43
 .comment       0x00000000       0x43 ./Core/Src/fonts.o
                                 0x44 (size before relaxing)
 .comment       0x00000043       0x44 ./Core/Src/main.o
 .comment       0x00000043       0x44 ./Core/Src/st7789.o
 .comment       0x00000043       0x44 ./Core/Src/stm32f1xx_hal_msp.o
 .comment       0x00000043       0x44 ./Core/Src/stm32f1xx_it.o
 .comment       0x00000043       0x44 ./Core/Src/system_stm32f1xx.o
 .comment       0x00000043       0x44 ./Drivers/STM32F1xx_HAL_Driver/Src/stm32f1xx_hal.o
 .comment       0x00000043       0x44 ./Drivers/STM32F1xx_HAL_Driver/Src/stm32f1xx_hal_cortex.o
 .comment       0x00000043       0x44 ./Drivers/STM32F1xx_HAL_Driver/Src/stm32f1xx_hal_gpio.o
 .comment       0x00000043       0x44 ./Drivers/STM32F1xx_HAL_Driver/Src/stm32f1xx_hal_rcc.o
 .comment       0x00000043       0x44 ./Drivers/STM32F1xx_HAL_Driver/Src/stm32f1xx_hal_spi.o

.debug_rnglists
                0x00000000      0x49a
 .debug_rnglists
                0x00000000       0x33 ./Core/Src/main.o
 .debug_rnglists
                0x00000033       0x4d ./Core/Src/st7789.o
 .debug_rnglists
                0x00000080       0x2d ./Core/Src/stm32f1xx_hal_msp.o
 .debug_rnglists
                0x000000ad       0x43 ./Core/Src/stm32f1xx_it.o
 .debug_rnglists
                0x000000f0       0x1a ./Core/Src/system_stm32f1xx.o
 .debug_rnglists
                0x0000010a       0x19 ./Core/Startup/startup_stm32f103c8tx.o
 .debug_rnglists
                0x00000123       0xa3 ./Drivers/STM32F1xx_HAL_Driver/Src/stm32f1xx_hal.o
 .debug_rnglists
                0x000001c6       0xbb ./Drivers/STM32F1xx_HAL_Driver/Src/stm32f1xx_hal_cortex.o
 .debug_rnglists
                0x00000281       0x3f ./Drivers/STM32F1xx_HAL_Driver/Src/stm32f1xx_hal_gpio.o
 .debug_rnglists
                0x000002c0       0x6c ./Drivers/STM32F1xx_HAL_Driver/Src/stm32f1xx_hal_rcc.o
 .debug_rnglists
                0x0000032c      0x16e ./Drivers/STM32F1xx_HAL_Driver/Src/stm32f1xx_hal_spi.o

.debug_frame    0x00000000     0x17a4
 .debug_frame   0x00000000       0xcc ./Core/Src/main.o
 .debug_frame   0x000000cc      0x184 ./Core/Src/st7789.o
 .debug_frame   0x00000250       0xc8 ./Core/Src/stm32f1xx_hal_msp.o
 .debug_frame   0x00000318      0x104 ./Core/Src/stm32f1xx_it.o
 .debug_frame   0x0000041c       0x58 ./Core/Src/system_stm32f1xx.o
 .debug_frame   0x00000474      0x334 ./Drivers/STM32F1xx_HAL_Driver/Src/stm32f1xx_hal.o
 .debug_frame   0x000007a8      0x428 ./Drivers/STM32F1xx_HAL_Driver/Src/stm32f1xx_hal_cortex.o
 .debug_frame   0x00000bd0      0x14c ./Drivers/STM32F1xx_HAL_Driver/Src/stm32f1xx_hal_gpio.o
 .debug_frame   0x00000d1c      0x218 ./Drivers/STM32F1xx_HAL_Driver/Src/stm32f1xx_hal_rcc.o
 .debug_frame   0x00000f34      0x824 ./Drivers/STM32F1xx_HAL_Driver/Src/stm32f1xx_hal_spi.o
 .debug_frame   0x00001758       0x20 /Applications/STM32CubeIDE.app/Contents/Eclipse/plugins/com.st.stm32cube.ide.mcu.externaltools.gnu-tools-for-stm32.13.3.rel1.macos64_1.0.0.202411102158/tools/bin/../lib/gcc/arm-none-eabi/13.3.1/../../../../arm-none-eabi/lib/thumb/v7-m/nofp/libc_nano.a(libc_a-memset.o)
 .debug_frame   0x00001778       0x2c /Applications/STM32CubeIDE.app/Contents/Eclipse/plugins/com.st.stm32cube.ide.mcu.externaltools.gnu-tools-for-stm32.13.3.rel1.macos64_1.0.0.202411102158/tools/bin/../lib/gcc/arm-none-eabi/13.3.1/../../../../arm-none-eabi/lib/thumb/v7-m/nofp/libc_nano.a(libc_a-init.o)

.debug_line_str
                0x00000000       0xa0
 .debug_line_str
                0x00000000       0xa0 ./Core/Startup/startup_stm32f103c8tx.o
